
   FAIL  Tests\Unit\DigitalPhysicalTransferServiceTest
  Γ£ô validate transfer valid parameters                                                58.63s  
  Γ£ô validate transfer rejects invalid type                                             0.49s  
  Γ£ô validate transfer rejects non existent asset                                       0.53s  
  Γ£ô validate transfer rejects non existent physical                                    0.53s  
  Γ£ô associate digital to physical creates metadata                                     0.53s  
  Γ£ô delete digital after transfer removes asset                                        0.56s  
  Γ¿» get available physical records returns formatted list                              0.45s  
  Γ£ô transfer fails for already transferred asset                                       0.49s  
  Γ£ô delete fails for non transferred asset                                             0.43s  
  Γ£ô folder transfer metadata includes document count                                   0.67s  
  Γ£ô complete transfer success                                                          0.85s  
  Γ£ô transfer metadata has required fields                                              0.49s  
  ΓöÇΓöÇΓöÇΓöÇΓöÇΓöÇΓöÇΓöÇΓöÇΓöÇΓöÇΓöÇΓöÇΓöÇΓöÇΓöÇΓöÇΓöÇΓöÇΓöÇΓöÇΓöÇΓöÇΓöÇΓöÇΓöÇΓöÇΓöÇΓöÇΓöÇΓöÇΓöÇΓöÇΓöÇΓöÇΓöÇΓöÇΓöÇΓöÇΓöÇΓöÇΓöÇΓöÇΓöÇΓöÇΓöÇΓöÇΓöÇΓöÇΓöÇΓöÇΓöÇΓöÇΓöÇΓöÇΓöÇΓöÇΓöÇΓöÇΓöÇΓöÇΓöÇΓöÇΓöÇΓöÇΓöÇΓöÇΓöÇΓöÇΓöÇΓöÇΓöÇΓöÇΓöÇΓöÇΓöÇΓöÇΓöÇΓöÇΓöÇΓöÇΓöÇΓöÇΓöÇΓöÇΓöÇΓöÇΓöÇΓöÇΓöÇ  
   FAILED  Tests\Unit\DigitalPhysicalTransferServiceTest > get available physical recordsΓÇª    
  Failed asserting that Illuminate\Support\Collection Object #7670 (
    'items' => Array &0 [
        0 => Array &1 [
            'id' => 7,
            'code' => 'PHYS-007',
            'name' => 'Test Physical Record',
            'level' => 'Document Level',
            'status' => 'Active 7',
            'organisation' => 'Test Organisation 7',
            'reference' => 'PHYS-007 - Test Physical Record',
        ],
    ],
    'escapeWhenCastingToString' => false,
) is of type array.

  at tests\Unit\DigitalPhysicalTransferServiceTest.php:187
    183Γûò     public function test_get_available_physical_records_returns_formatted_list()
    184Γûò     {
    185Γûò         $document = $this->createTestDocument('F');
    186Γûò         $records = $this->service->getAvailablePhysicalRecords('document', $document->id);
  Γ₧£ 187Γûò         $this->assertIsArray($records);
    188Γûò         $this->assertGreaterThanOrEqual(1, count($records), 'Should find at least one physical record');
    189Γûò         $record = $records[0];
    190Γûò         $this->assertArrayHasKey('id', $record);
    191Γûò         $this->assertArrayHasKey('code', $record);

  1   tests\Unit\DigitalPhysicalTransferServiceTest.php:187


  Tests:    1 failed, 11 passed (25 assertions)
  Duration: 65.01s

